#-----------------------------------------------------------
# Vivado v2021.2.1 (64-bit)
# SW Build 3414424 on Sun Dec 19 10:57:22 MST 2021
# IP Build 3405791 on Sun Dec 19 15:54:35 MST 2021
# Start of session at: Tue Mar  1 18:28:13 2022
# Process ID: 22396
# Current directory: C:/Users/dirkt/Documents/School/plab1/projectLab1/MotorMiniProject1/code/VivaldoProjects/final_p1/final_p1.runs/impl_1
# Command line: vivado.exe -log final_top.vdi -applog -product Vivado -messageDb vivado.pb -mode batch -source final_top.tcl -notrace
# Log file: C:/Users/dirkt/Documents/School/plab1/projectLab1/MotorMiniProject1/code/VivaldoProjects/final_p1/final_p1.runs/impl_1/final_top.vdi
# Journal file: C:/Users/dirkt/Documents/School/plab1/projectLab1/MotorMiniProject1/code/VivaldoProjects/final_p1/final_p1.runs/impl_1\vivado.jou
# Running On: blade, OS: Windows, CPU Frequency: 2592 MHz, CPU Physical cores: 6, Host memory: 17034 MB
#-----------------------------------------------------------
source final_top.tcl -notrace
